c:\users\victor\source\repos\cs\commandshield\x64\debug\vc143.pdb
c:\users\victor\source\repos\cs\commandshield\x64\debug\vc143.idb
c:\users\victor\source\repos\cs\commandshield\x64\debug\testecp.obj
c:\users\victor\source\repos\cs\commandshield\x64\debug\teste.obj
c:\users\victor\source\repos\cs\commandshield\x64\debug\processador_comandos.obj
c:\users\victor\source\repos\cs\commandshield\x64\debug\logging.obj
c:\users\victor\source\repos\cs\commandshield\x64\debug\ferramentas_redes.obj
c:\users\victor\source\repos\cs\commandshield\x64\debug\ferramentas_cripto.obj
c:\users\victor\source\repos\cs\commandshield\x64\debug\ajuda_usuario.obj
c:\users\victor\source\repos\cs\commandshield\x64\debug\mysql_wrapper.obj
c:\users\victor\source\repos\cs\commandshield\x64\debug\main.obj
c:\users\victor\source\repos\cs\commandshield\x64\debug\gerenciamento_usuarios.obj
c:\users\victor\source\repos\cs\commandshield\x64\debug\gmock-all.obj
c:\users\victor\source\repos\cs\commandshield\x64\debug\gtest-all.obj
c:\users\victor\source\repos\cs\x64\debug\commandshield.pdb
c:\users\victor\source\repos\cs\commandshield\x64\debug\commandshield.tlog\cl.command.1.tlog
c:\users\victor\source\repos\cs\commandshield\x64\debug\commandshield.tlog\cl.read.1.tlog
c:\users\victor\source\repos\cs\commandshield\x64\debug\commandshield.tlog\cl.write.1.tlog
c:\users\victor\source\repos\cs\commandshield\x64\debug\commandshield.tlog\link-cvtres.read.1.tlog
c:\users\victor\source\repos\cs\commandshield\x64\debug\commandshield.tlog\link-cvtres.write.1.tlog
c:\users\victor\source\repos\cs\commandshield\x64\debug\commandshield.tlog\link-rc.read.1.tlog
c:\users\victor\source\repos\cs\commandshield\x64\debug\commandshield.tlog\link-rc.write.1.tlog
c:\users\victor\source\repos\cs\commandshield\x64\debug\commandshield.tlog\link.command.1.tlog
c:\users\victor\source\repos\cs\commandshield\x64\debug\commandshield.tlog\link.read.1.tlog
c:\users\victor\source\repos\cs\commandshield\x64\debug\commandshield.tlog\link.read.2.tlog
c:\users\victor\source\repos\cs\commandshield\x64\debug\commandshield.tlog\link.read.3.tlog
c:\users\victor\source\repos\cs\commandshield\x64\debug\commandshield.tlog\link.read.4.tlog
c:\users\victor\source\repos\cs\commandshield\x64\debug\commandshield.tlog\link.write.1.tlog
